// Jest Snapshot v1, https://goo.gl/fbAQLP

exports[`AppBar renders 1`] = `
<withStyles(AppBar)
  color="default"
  position="static"
>
  <withStyles(Toolbar)>
    <withStyles(Typography)>
      Wells Fargo
    </withStyles(Typography)>
  </withStyles(Toolbar)>
</withStyles(AppBar)>
`;
